Not Found: /
[30/Apr/2026 12:25:35] "GET / HTTP/1.1" 404 3255
Not Found: /
[30/Apr/2026 12:27:05] "GET / HTTP/1.1" 404 3255
Not Found: /favicon.ico
[30/Apr/2026 12:27:06] "GET /favicon.ico HTTP/1.1" 404 3306
[30/Apr/2026 12:27:13] "GET /admin/products/minu/ HTTP/1.1" 302 0
[30/Apr/2026 12:27:13] "GET /admin/login/?next=/admin/products/minu/ HTTP/1.1" 200 4205
[30/Apr/2026 12:27:14,216] - Broken pipe from ('127.0.0.1', 54407)
[30/Apr/2026 12:27:14,294] - Broken pipe from ('127.0.0.1', 54405)
[30/Apr/2026 12:27:14,297] - Broken pipe from ('127.0.0.1', 54404)
[30/Apr/2026 12:27:14,302] - Broken pipe from ('127.0.0.1', 54403)
[30/Apr/2026 12:27:14,310] - Broken pipe from ('127.0.0.1', 54408)
[30/Apr/2026 12:27:14,313] - Broken pipe from ('127.0.0.1', 54406)
Unauthorized: /api/menu/
[30/Apr/2026 12:27:46] "GET /api/menu/ HTTP/1.1" 401 5118
[30/Apr/2026 12:27:46] "GET /static/rest_framework/css/bootstrap-tweaks.css HTTP/1.1" 200 3426
[30/Apr/2026 12:27:46] "GET /static/rest_framework/css/prettify.css HTTP/1.1" 200 817
[30/Apr/2026 12:27:46] "GET /static/rest_framework/js/csrf.js HTTP/1.1" 200 1793
[30/Apr/2026 12:27:46] "GET /static/rest_framework/css/default.css HTTP/1.1" 200 1152
[30/Apr/2026 12:27:46] "GET /static/rest_framework/css/bootstrap.min.css HTTP/1.1" 200 121457
[30/Apr/2026 12:27:46] "GET /static/rest_framework/js/prettify-min.js HTTP/1.1" 200 13632
[30/Apr/2026 12:27:46] "GET /static/rest_framework/js/ajax-form.js HTTP/1.1" 200 3796
[30/Apr/2026 12:27:46] "GET /static/rest_framework/js/load-ajax-form.js HTTP/1.1" 200 59
[30/Apr/2026 12:27:46] "GET /static/rest_framework/js/default.js HTTP/1.1" 200 1268
[30/Apr/2026 12:27:46] "GET /static/rest_framework/js/bootstrap.min.js HTTP/1.1" 200 39680
[30/Apr/2026 12:27:46] "GET /static/rest_framework/js/jquery-3.7.1.min.js HTTP/1.1" 200 87533
[30/Apr/2026 12:27:46] "GET /static/rest_framework/img/grid.png HTTP/1.1" 200 1458
Unauthorized: /api/menu/
[30/Apr/2026 12:27:53] "GET /api/menu/ HTTP/1.1" 401 5118
Unauthorized: /api/menu/
[30/Apr/2026 12:27:56] "GET /api/menu/?format=json HTTP/1.1" 401 58
